org\rdfhdt\hdt\enums\DictionarySectionRole.class
org\rdfhdt\hdt\rdf\RDFParserCallback.class
org\rdfhdt\hdt\rdf\RDFStorage.class
org\rdfhdt\hdt\enums\RDFNotation.class
org\rdfhdt\hdt\enums\TripleComponentRole.class
org\rdfhdt\hdt\triples\IteratorTripleID.class
org\rdfhdt\hdt\listener\ProgressListener.class
org\rdfhdt\hdt\rdf\TripleWriter.class
org\rdfhdt\hdt\enums\ResultEstimationType.class
org\rdfhdt\hdt\triples\IteratorTripleString.class
org\rdfhdt\hdt\listener\ProgressOut.class
org\rdfhdt\hdt\dictionary\DictionaryUtil.class
org\rdfhdt\hdt\enums\DictionaryRole.class
org\rdfhdt\hdt\exceptions\NotImplementedException.class
org\rdfhdt\hdt\options\HDTOptions.class
org\rdfhdt\hdt\exceptions\ParserException.class
org\rdfhdt\hdt\triples\TripleString.class
org\rdfhdt\hdt\dictionary\Dictionary.class
org\rdfhdt\hdt\header\Header.class
org\rdfhdt\hdt\hdt\HDT.class
org\rdfhdt\hdt\options\ControlInfo.class
org\rdfhdt\hdt\enums\TripleComponentOrder.class
org\rdfhdt\hdt\exceptions\CRCException.class
org\rdfhdt\hdt\exceptions\NotFoundException.class
org\rdfhdt\hdt\hdt\HDTVocabulary.class
org\rdfhdt\hdt\hdt\HDTVersion.class
org\rdfhdt\hdt\rdf\RDFAccess.class
org\rdfhdt\hdt\util\UnicodeEscape.class
org\rdfhdt\hdt\dictionary\DictionarySection.class
org\rdfhdt\hdt\hdt\HDTManager.class
org\rdfhdt\hdt\header\HeaderUtil.class
org\rdfhdt\hdt\options\ControlInfo$Type.class
org\rdfhdt\hdt\triples\TripleID.class
org\rdfhdt\hdt\exceptions\IllegalFormatException.class
org\rdfhdt\hdt\rdf\RDFParserCallback$RDFCallback.class
org\rdfhdt\hdt\triples\Triples.class
