C:\GoogleDrive\dev\java\Stats_LOD_Wardrobe_HDT\hdt-api\src\main\java\org\rdfhdt\hdt\dictionary\Dictionary.java
C:\GoogleDrive\dev\java\Stats_LOD_Wardrobe_HDT\hdt-api\src\main\java\org\rdfhdt\hdt\options\ControlInfo.java
C:\GoogleDrive\dev\java\Stats_LOD_Wardrobe_HDT\hdt-api\src\main\java\org\rdfhdt\hdt\enums\TripleComponentRole.java
C:\GoogleDrive\dev\java\Stats_LOD_Wardrobe_HDT\hdt-api\src\main\java\org\rdfhdt\hdt\enums\DictionarySectionRole.java
C:\GoogleDrive\dev\java\Stats_LOD_Wardrobe_HDT\hdt-api\src\main\java\org\rdfhdt\hdt\enums\RDFNotation.java
C:\GoogleDrive\dev\java\Stats_LOD_Wardrobe_HDT\hdt-api\src\main\java\org\rdfhdt\hdt\listener\ProgressOut.java
C:\GoogleDrive\dev\java\Stats_LOD_Wardrobe_HDT\hdt-api\src\main\java\org\rdfhdt\hdt\triples\Triples.java
C:\GoogleDrive\dev\java\Stats_LOD_Wardrobe_HDT\hdt-api\src\main\java\org\rdfhdt\hdt\hdt\HDT.java
C:\GoogleDrive\dev\java\Stats_LOD_Wardrobe_HDT\hdt-api\src\main\java\org\rdfhdt\hdt\hdt\HDTManager.java
C:\GoogleDrive\dev\java\Stats_LOD_Wardrobe_HDT\hdt-api\src\main\java\org\rdfhdt\hdt\exceptions\NotFoundException.java
C:\GoogleDrive\dev\java\Stats_LOD_Wardrobe_HDT\hdt-api\src\main\java\org\rdfhdt\hdt\hdt\HDTVersion.java
C:\GoogleDrive\dev\java\Stats_LOD_Wardrobe_HDT\hdt-api\src\main\java\org\rdfhdt\hdt\dictionary\DictionarySection.java
C:\GoogleDrive\dev\java\Stats_LOD_Wardrobe_HDT\hdt-api\src\main\java\org\rdfhdt\hdt\header\HeaderUtil.java
C:\GoogleDrive\dev\java\Stats_LOD_Wardrobe_HDT\hdt-api\src\main\java\org\rdfhdt\hdt\enums\DictionaryRole.java
C:\GoogleDrive\dev\java\Stats_LOD_Wardrobe_HDT\hdt-api\src\main\java\org\rdfhdt\hdt\exceptions\NotImplementedException.java
C:\GoogleDrive\dev\java\Stats_LOD_Wardrobe_HDT\hdt-api\src\main\java\org\rdfhdt\hdt\util\UnicodeEscape.java
C:\GoogleDrive\dev\java\Stats_LOD_Wardrobe_HDT\hdt-api\src\main\java\org\rdfhdt\hdt\rdf\RDFParserCallback.java
C:\GoogleDrive\dev\java\Stats_LOD_Wardrobe_HDT\hdt-api\src\main\java\org\rdfhdt\hdt\exceptions\ParserException.java
C:\GoogleDrive\dev\java\Stats_LOD_Wardrobe_HDT\hdt-api\src\main\java\org\rdfhdt\hdt\triples\TripleString.java
C:\GoogleDrive\dev\java\Stats_LOD_Wardrobe_HDT\hdt-api\src\main\java\org\rdfhdt\hdt\enums\TripleComponentOrder.java
C:\GoogleDrive\dev\java\Stats_LOD_Wardrobe_HDT\hdt-api\src\main\java\org\rdfhdt\hdt\listener\ProgressListener.java
C:\GoogleDrive\dev\java\Stats_LOD_Wardrobe_HDT\hdt-api\src\main\java\org\rdfhdt\hdt\triples\TripleID.java
C:\GoogleDrive\dev\java\Stats_LOD_Wardrobe_HDT\hdt-api\src\main\java\org\rdfhdt\hdt\exceptions\CRCException.java
C:\GoogleDrive\dev\java\Stats_LOD_Wardrobe_HDT\hdt-api\src\main\java\org\rdfhdt\hdt\triples\IteratorTripleString.java
C:\GoogleDrive\dev\java\Stats_LOD_Wardrobe_HDT\hdt-api\src\main\java\org\rdfhdt\hdt\enums\ResultEstimationType.java
C:\GoogleDrive\dev\java\Stats_LOD_Wardrobe_HDT\hdt-api\src\main\java\org\rdfhdt\hdt\rdf\RDFStorage.java
C:\GoogleDrive\dev\java\Stats_LOD_Wardrobe_HDT\hdt-api\src\main\java\org\rdfhdt\hdt\rdf\RDFAccess.java
C:\GoogleDrive\dev\java\Stats_LOD_Wardrobe_HDT\hdt-api\src\main\java\org\rdfhdt\hdt\hdt\HDTVocabulary.java
C:\GoogleDrive\dev\java\Stats_LOD_Wardrobe_HDT\hdt-api\src\main\java\org\rdfhdt\hdt\triples\IteratorTripleID.java
C:\GoogleDrive\dev\java\Stats_LOD_Wardrobe_HDT\hdt-api\src\main\java\org\rdfhdt\hdt\header\Header.java
C:\GoogleDrive\dev\java\Stats_LOD_Wardrobe_HDT\hdt-api\src\main\java\org\rdfhdt\hdt\rdf\TripleWriter.java
C:\GoogleDrive\dev\java\Stats_LOD_Wardrobe_HDT\hdt-api\src\main\java\org\rdfhdt\hdt\options\HDTOptions.java
C:\GoogleDrive\dev\java\Stats_LOD_Wardrobe_HDT\hdt-api\src\main\java\org\rdfhdt\hdt\exceptions\IllegalFormatException.java
C:\GoogleDrive\dev\java\Stats_LOD_Wardrobe_HDT\hdt-api\src\main\java\org\rdfhdt\hdt\dictionary\DictionaryUtil.java
